[qwc5ht.webwave.dev/index.html]
[backblue.gif]
[fade.gif]
[index.html]
[qwc5ht.webwave.dev/files/staticContent/3.11/websitesResources/images/galleryView/img-loader-4ae62572d3d818acec612bfcad7779a3.gif]
[qwc5ht.webwave.dev/files/staticContent/3.11/websitesResources/images/galleryView/themes/light/info-9a6287571384d257437ac6623ecbe460.png]
[qwc5ht.webwave.dev/files/staticContent/3.11/websitesResources/images/galleryView/themes/light/play-big-2f49f7bdbdb971ebcef1fa4a485cd10b.png]
[qwc5ht.webwave.dev/files/staticContent/3.11/websitesResources/images/galleryView/themes/light/pause-big-2c41041b646a9cb8ef2656d0b5c5cd29.png]
[qwc5ht.webwave.dev/files/staticContent/3.11/websitesResources/images/galleryView/themes/light/next-a34ab271cba473fe1d69df004cbd26a2.png]
[qwc5ht.webwave.dev/files/staticContent/3.11/websitesResources/images/galleryView/themes/light/prev-f14731d9b84adaaf75d91c33c9abdff4.png]
[qwc5ht.webwave.dev/files/staticContent/3.11/websitesResources/images/galleryView/themes/light/panel-next-a6bc314c7b02b95ec175c43cb0d241bb.png]
[qwc5ht.webwave.dev/files/staticContent/3.11/websitesResources/images/galleryView/themes/light/panel-prev-a759dd38e0c5fccb28c19a08ef3e04ac.png]
[qwc5ht.webwave.dev/files/staticContent/3.11/websitesResources/images/loading-2299ad0b3f63413f026dfec20c205b8f.gif]
[qwc5ht.webwave.dev/files/staticContent/3.11/websitesResources/images/photoswipe/default-skin-e3f799c6dec9af194c86decdf7392405.png]
[qwc5ht.webwave.dev/files/staticContent/3.11/websitesResources/images/photoswipe/preloader-e34aafbb485a96eaf2a789b2bf3af6fe.gif]
[qwc5ht.webwave.dev/service-worker.js]
[qwc5ht.webwave.dev/GET.10.delayed]
[qwc5ht.webwave.dev/v1.11.delayed]
[qwc5ht.webwave.dev/files/assets/lib/ie11CustomProperties/ie11CustomProperties.js]
[qwc5ht.webwave.dev/files/staticContent/3.11/websitesResources/websiteModule-2095351215e48e2005da512188134d0e.js]
[qwc5ht.webwave.dev/lib/qwc5ht/favicon.ico]
[qwc5ht.webwave.dev/manifest.json]
[qwc5ht.webwave.dev/assets/websitesResources/images/closeIcon.svg]
[qwc5ht.webwave.dev/files/dynamicContent/sites/qwc5ht/images/.CURRENT_LIB/540_qwc5ht_img_f4a9e2202db4d3e5c2acd235ce569770.png]
[qwc5ht.webwave.dev/files/staticContent/3.11/websitesResources/js/com/webwave/bottomBar/madeByBanner-58b187d65d0e2505a5be783c9b216267.js]
[qwc5ht.webwave.dev/index.html]
[qwc5ht.webwave.dev/index4c22.html]
[qwc5ht.webwave.dev/index0a86.html]
[qwc5ht.webwave.dev/files/staticContent/3.11/websitesResources/images/closeIcon-87031b6793624248dcd90331af55c196.svg]
[qwc5ht.webwave.dev/files/staticContent/3.11/websitesResources/images/photoswipe/default-skin-b257fa9c5ac8c515ac4d77a667ce2943.svg]
[qwc5ht.webwave.dev/files/assets/webpack/grails-app/assets/files/staticContent/3.11/websitesResources/images/com/webwave/gui/wobject/wmediaplayer/play-triangular.html]
[qwc5ht.webwave.dev/files/dynamicContent/sites/qwc5ht/css/webpage_3/l0z8xf07.css]
[qwc5ht.webwave.dev/GET.html]
[qwc5ht.webwave.dev/v1.html]
[qwc5ht.webwave.dev/files/staticContent/3.11/websitesResources/images/logo/brand-logo-dark-bc84fb252e6c48b0b3a0525056d7a421.svg]
[qwc5ht.webwave.dev/assets/websitesResources/images/closeIcon.svg]
[qwc5ht.webwave.dev/indexdd47.html]
[qwc5ht.webwave.dev/index4c22.html]
[qwc5ht.webwave.dev/index0a86.html]
[qwc5ht.webwave.dev/indexdd47.html]
[qwc5ht.webwave.dev/index37f1.html]
[qwc5ht.webwave.dev/index37f1.html]
